// Jest Snapshot v1, https://goo.gl/fbAQLP

exports[`PaletteForm should match the snapshot 1`] = `
<form
  className="color-form"
  onMouseEnter={[Function]}
  onSubmit={[Function]}
  value=""
>
  <select>
    <option
      defaultValue={true}
      value=""
    >
      Create Project
    </option>
    <option
      key="Wk9YPOUo5"
      value="project one"
    >
      project one
    </option>
  </select>
  <input
    className="title-input"
    name="palette_title"
    onChange={[Function]}
    placeholder="Enter Palette Name"
    type="text"
    value=""
  />
  <button
    className="save-pal"
  >
    Save Palette
  </button>
</form>
`;
