// Jest Snapshot v1, https://goo.gl/fbAQLP

exports[`Projects Containers Projects component should match the snapshot 1`] = `
<div
  className="projects"
>
  <section
    className="saved-portion"
  >
    <Project
      color="123123"
      deletePalette={[Function]}
      editPalette={[MockFunction]}
      key="k0ZgXgypn"
      title="project one"
    />
    <Project
      color="123123"
      deletePalette={[Function]}
      editPalette={[MockFunction]}
      key="ojvSJZQ9kR"
      title="project one"
    />
    <Project
      color="123123"
      deletePalette={[Function]}
      editPalette={[MockFunction]}
      key="iZ7hys7aDQ"
      title="project two"
    />
    <Project
      color="123123"
      deletePalette={[Function]}
      editPalette={[MockFunction]}
      key="z7icADVYpZ"
      title="project two"
    />
  </section>
</div>
`;
