// Jest Snapshot v1, https://goo.gl/fbAQLP

exports[`App should match the snapshot 1`] = `
<div
  className="App"
>
  <h1
    className="logo"
  >
    Gen Hex
  </h1>
  <section
    className="main-colors"
  >
    <div
      className="color-1"
      style={
        Object {
          "backgroundColor": "#2FEB7C",
        }
      }
    >
      <p>
        #2FEB7C
      </p>
      <i
        className="fas fa-unlock"
        onClick={[Function]}
      />
    </div>
    <div
      className="color-2"
      style={
        Object {
          "backgroundColor": "#E84316",
        }
      }
    >
      <p>
        #E84316
      </p>
      <i
        className="fas fa-unlock"
        onClick={[Function]}
      />
    </div>
    <div
      className="color-3"
      style={
        Object {
          "backgroundColor": "#83D2B6",
        }
      }
    >
      <p>
        #83D2B6
      </p>
      <i
        className="fas fa-unlock"
        onClick={[Function]}
      />
    </div>
    <div
      className="color-4"
      style={
        Object {
          "backgroundColor": "#09C524",
        }
      }
    >
      <p>
        #09C524
      </p>
      <i
        className="fas fa-unlock"
        onClick={[Function]}
      />
    </div>
    <div
      className="color-5"
      style={
        Object {
          "backgroundColor": "#E031B5",
        }
      }
    >
      <p>
        #E031B5
      </p>
      <i
        className="fas fa-unlock"
        onClick={[Function]}
      />
    </div>
  </section>
  <button
    id="gen-colors"
    onClick={[Function]}
  >
    Generate Colors
  </button>
  0
  <SubmitProject
    edit={false}
    folderToEdit={Object {}}
    handleProject={[Function]}
    projects={Array []}
  />
</div>
`;
