// Jest Snapshot v1, https://goo.gl/fbAQLP

exports[`App should match the snapshot 1`] = `
<div
  className="App"
>
  <h1
    className="logo"
  >
    Gen Hex
  </h1>
  <section
    className="main-colors"
  >
    <div
      className="color-1"
      style={
        Object {
          "backgroundColor": "#28BA91",
        }
      }
    >
      <p>
        #28BA91
      </p>
      <i
        className="fas fa-unlock"
        onClick={[Function]}
      />
    </div>
    <div
      className="color-2"
      style={
        Object {
          "backgroundColor": "#8DB460",
        }
      }
    >
      <p>
        #8DB460
      </p>
      <i
        className="fas fa-unlock"
        onClick={[Function]}
      />
    </div>
    <div
      className="color-3"
      style={
        Object {
          "backgroundColor": "#704FEA",
        }
      }
    >
      <p>
        #704FEA
      </p>
      <i
        className="fas fa-unlock"
        onClick={[Function]}
      />
    </div>
    <div
      className="color-4"
      style={
        Object {
          "backgroundColor": "#DFE625",
        }
      }
    >
      <p>
        #DFE625
      </p>
      <i
        className="fas fa-unlock"
        onClick={[Function]}
      />
    </div>
    <div
      className="color-5"
      style={
        Object {
          "backgroundColor": "#F43D7E",
        }
      }
    >
      <p>
        #F43D7E
      </p>
      <i
        className="fas fa-unlock"
        onClick={[Function]}
      />
    </div>
  </section>
  <button
    className="gen-colors"
    onClick={[Function]}
  >
    Generate Colors
  </button>
  0
  <SubmitProject
    handleProject={[Function]}
  />
</div>
`;
