// Jest Snapshot v1, https://goo.gl/fbAQLP

exports[`App should match the snapshot 1`] = `
<div
  className="App"
>
  <h1
    className="logo"
  >
    Palette Picker
  </h1>
  <section
    className="main-colors"
  >
    <div
      className="color-1"
      style={
        Object {
          "backgroundColor": "#D5FEB6",
        }
      }
    >
      <p>
        #D5FEB6
      </p>
      <i
        className="fas fa-unlock"
        onClick={[Function]}
      />
    </div>
    <div
      className="color-2"
      style={
        Object {
          "backgroundColor": "#8E9347",
        }
      }
    >
      <p>
        #8E9347
      </p>
      <i
        className="fas fa-unlock"
        onClick={[Function]}
      />
    </div>
    <div
      className="color-3"
      style={
        Object {
          "backgroundColor": "#823471",
        }
      }
    >
      <p>
        #823471
      </p>
      <i
        className="fas fa-unlock"
        onClick={[Function]}
      />
    </div>
    <div
      className="color-4"
      style={
        Object {
          "backgroundColor": "#1DAFB4",
        }
      }
    >
      <p>
        #1DAFB4
      </p>
      <i
        className="fas fa-unlock"
        onClick={[Function]}
      />
    </div>
    <div
      className="color-5"
      style={
        Object {
          "backgroundColor": "#8E964F",
        }
      }
    >
      <p>
        #8E964F
      </p>
      <i
        className="fas fa-unlock"
        onClick={[Function]}
      />
    </div>
  </section>
  <button
    className="gen-colors"
    onClick={[Function]}
  >
    Generate Colors
  </button>
  <PaletteForm
    handleProject={[Function]}
    projects={Array []}
  />
  <ProjectsContainer
    handleProject={[Function]}
  />
</div>
`;
